Implementar a la base de dades edt.org les següents ACLS:
1. L’usuari “Anna Pou” és ajudant de l’administrador i té permisos per modificar-ho tot.
---
dn: olcDatabase={1}mdb,cn=config
changetype: modify
replace: olcAccess
olcAccess: to * by dn.exact=”cn=Anna Pou,ou=usuaris,dc=edt,dc=org” write by * read
---
[isx46410800@miguel-fedora27 ldapserver19:acl]$ ldapmodify -vx -c -h 172.17.0.2 -D 'cn=Jordi Mas,ou=usuaris,dc=edt,dc=org' -w jordi -f mod01.ldif 
ldap_initialize( ldap://172.17.0.2 )
replace mail:
	newmarta10@edt.org
modifying entry "cn=Marta Mas,ou=usuaris,dc=edt,dc=org"
ldap_modify: Insufficient access (50)

replace mail:
	newmjordi10@edt.org
modifying entry "cn=Jordi Mas,ou=usuaris,dc=edt,dc=org"
modify complete


2. L’usuari “Anna Pou” és ajudant d’administració. Tothom es pot modificar el seu propi
email i homePhone. Tothom pot veure totes les dades de tothom.
---
dn: olcDatabase={1}mdb,cn=config
changetype: modify
replace: olcAccess
olcAccess: to attrs=mail 
 by dn.exact="cn=Anna Pou,ou=usuaris,dc=edt,dc=org" write
 by self write
olcAccess: to attrs=homePhone 
 by dn.exact="cn=Anna Pou,ou=usuaris,dc=edt,dc=org" write
 by self write
olcAccess: to * by * read
---


3. Tot usuari es pot modificar el seu mail. Tothom pot veure totes les dades de tothom.
---
dn: olcDatabase={1}mdb,cn=config
changetype: modify
replace: olcAccess
olcAccess: to attrs=mail by self write
olcAccess: to * by * read
---


4. Tothom pot veure totes les dades de tothom, excepte els mail dels altres.
---
dn: olcDatabase={1}mdb,cn=config
changetype: modify
replace: olcAccess
olcAccess: to attrs=mail by self read
olcAccess: to * by * read
---
[root@ldapserver docker]# ldapsearch -x -LLL -D 'cn=Anna Pou,ou=usuaris,dc=edt,dc=org' -w anna dn mail


5. Tot usuari es pot modificar el seu propi password i tothom pot veure totes les dades de tothom.
---
dn: olcDatabase={1}mdb,cn=config
changetype: modify
replace: olcAccess
olcAccess: to attrs=userPassword by self write by * read
olcAccess: to * by * read
---
[root@ldapserver docker]# ldappasswd -x -D 'cn=Anna Pou,ou=usuaris,dc=edt,dc=org' -w anna -s anna2
[root@ldapserver docker]# ldapsearch -x -LLL -D 'cn=Jordi Mas,ou=usuaris,dc=edt,dc=org' -w jordi dn userPassword
--
[root@ldapserver docker]# ldappasswd -x -D 'cn=Anna Pou,ou=usuaris,dc=edt,dc=org' -w anna 'cn=Jordi Mas,ou=usuaris,dc=edt,dc=org' -s jordi2
Result: Insufficient access (50)
--puedo ver todos los userpassword como ldapsearch -x -LLL


6. Tot usuari es pot modificar el seu propi password i tothom pot veure totes les dades de tothom, excepte els altres passwords.
---
dn: olcDatabase={1}mdb,cn=config
changetype: modify
replace: olcAccess
olcAccess: to attrs=userPassword by self write by * auth
olcAccess: to * by * read
---
----->puedo cambiar pass mio pero no otro
[root@ldapserver docker]# ldappasswd -x -D 'cn=Anna Pou,ou=usuaris,dc=edt,dc=org' -w anna 'cn=Jordi Mas,ou=usuaris,dc=edt,dc=org' -s jordi2
Result: Insufficient access (50)
[root@ldapserver docker]# ldappasswd -x -D 'cn=Anna Pou,ou=usuaris,dc=edt,dc=org' -w anna -s ann2  

--->no puedo ver los userpassword con ldapsearch -x -LLL ni con [root@ldapserver docker]# ldapsearch -x -LLL -D 'cn=Jordi Mas,ou=usuaris,dc=edt,dc=org' -w jordi dn userPassword
--> solo vere el de jordi por ser authorizado
**sino ponemos el by auth, no podremos autenticarnos ya que al hacer la orden somos un user anonymous y hemos de hacer BIND con el -D para identificarnos y solo se consigue poniendo by auth
-->**
[root@ldapserver docker]# ldapsearch -x -LLL -D 'cn=Jordi Mas,ou=usuaris,dc=edt,dc=org' -w jordi dn userPassword
ldap_bind: Invalid credentials (49)--> no deja sin el by auth


7. Tot usuari es pot modificar el seu propi password i tot usuari només pot veure les seves pròpies dades.
---
dn: olcDatabase={1}mdb,cn=config
changetype: modify
replace: olcAccess
olcAccess: to attrs=userPassword by self write by * auth
olcAccess: to * by self read by * search

---
[root@ldapserver docker]# ldappasswd -x -D 'cn=Anna Pou,ou=usuaris,dc=edt,dc=org' -w anna -s anna2
[root@ldapserver docker]# ldappasswd -x -D 'cn=Anna Pou,ou=usuaris,dc=edt,dc=org' -w anna 'cn=Jordi Mas,ou=usuaris,dc=edt,dc=org' -s jordi2
Result: Insufficient access (50)
--> podemos cambiar nuestro pass pero no el de otro

-->con el by * search tendremos acceso a los campos propios
[root@ldapserver docker]# ldapsearch -x -LLL -D 'cn=Jordi Mas,ou=usuaris,dc=edt,dc=org' -w jordi          
dn: cn=Jordi Mas,ou=usuaris,dc=edt,dc=org
objectClass: posixAccount
**nos permite de todos los usuarios, ver solo el nuestro. en este caso jordi solo ve el suyo
**como anonimo no sale nada porque no tiene datos dentro de la bbdd


8. Tot usuari pot observar les seves pròpies dades i modificar el seu propi password,email i homephone. L’usuari “Anna Pou” pot modificar tots els atributs de tots excepte els passwords, que tampoc pot veure. L’usuari “Pere Pou” pot modificar els passwords de tothom.
---
dn: olcDatabase={1}mdb,cn=config
changetype: modify
replace: olcAccess
olcAccess: to attrs=userPassword 
 by dn.exact="cn=Anna Pou,ou=usuaris,dc=edt,dc=org" disclose
 by dn.exact="cn=Pere Pou,ou=usuaris,dc=edt,dc=org" write
 by self write by * auth
olcAccess: to attrs=mail by self write
olcAccess: to attrs=homePhone by self write
olcAccess: to * 
 by dn.exact="cn=Anna Pou,ou=usuaris,dc=edt,dc=org" write
 by self read by * search
---

